{
  "log":{
    "comment":"",
    "entries":[
      {
        "request":{
          "bodySize":-1,
          "comment":"",
          "headerSize":-1,
          "headers":[
            {
              "name":"Accept",
              "value":"application/json"
            }
          ],
          "httpVersion":"HTTP/1.1",
          "method":"GET",
          "url":"http://localhost:@port@/test/string"
        },
        "response":{
          "bodySize":0,
          "comment":"",
          "content":{
            "compression":0,
            "mimeType":"application/json",
            "size":0,
            "text":""
          },
          "headers":[
            {
              "name":"Content-Length",
              "value":"17"
            },
            {
              "name":"content-type",
              "value":"application/json"
            },
            {
              "name":"Date",
              "value":"@date@"
            }
          ],
          "headersSize":89,
          "httpVersion":"HTTP/1.1",
          "status":200,
          "statusText":"OK"
        },
        "time":0
      },
      {
        "request":{
          "bodySize":-1,
          "comment":"",
          "headerSize":-1,
          "headers":[
            {
              "name":"Accept",
              "value":"application/json"
            }
          ],
          "httpVersion":"HTTP/1.1",
          "method":"GET",
          "url":"http://localhost:@port@/test/object"
        },
        "response":{
          "bodySize":0,
          "comment":"",
          "content":{
            "compression":0,
            "mimeType":"application/json",
            "size":0,
            "text":""
          },
          "headers":[
            {
              "name":"content-type",
              "value":"application/json"
            },
            {
              "name":"Date",
              "value":"@date@"
            },
            {
              "name":"transfer-encoding",
              "value":"chunked"
            }
          ],
          "headersSize":97,
          "httpVersion":"HTTP/1.1",
          "status":200,
          "statusText":"OK"
        },
        "time":0
      },
      {
        "request":{
          "bodySize":-1,
          "comment":"",
          "headerSize":-1,
          "headers":[
            {
              "name":"Accept",
              "value":"application/json"
            },
            {
              "name":"Content-Type",
              "value":"application/json"
            }
          ],
          "httpVersion":"HTTP/1.1",
          "method":"POST",
          "url":"http://localhost:@port@/test"
        },
        "response":{
          "bodySize":15,
          "comment":"",
          "content":{
            "compression":0,
            "mimeType":"application/json",
            "size":15,
            "text":"{\"text\":\"post\"}"
          },
          "headers":[
            {
              "name":"content-type",
              "value":"application/json"
            },
            {
              "name":"Date",
              "value":"@date@"
            },
            {
              "name":"transfer-encoding",
              "value":"chunked"
            }
          ],
          "headersSize":97,
          "httpVersion":"HTTP/1.1",
          "status":200,
          "statusText":"OK"
        },
        "time":0
      }
    ],
    "version":"1.2"
  }
}